###############################################################################
#
# IAR ELF Linker V7.70.2.11706/W32 for ARM                02/Nov/2016  17:55:13
# Copyright 2007-2016 IAR Systems AB.
#
#    Output file  =  
#        C:\Users\Rufus\Documents\Courses\EmbeddedSystems\Projects\Lab1\Debug\Exe\Lab_Wk3.out
#    Map file     =  
#        C:\Users\Rufus\Documents\Courses\EmbeddedSystems\Projects\Lab1\Debug\List\Lab_Wk3.map
#    Command line =  
#        C:\Users\Rufus\Documents\Courses\EmbeddedSystems\Projects\Lab1\Debug\Obj\hw_init.o
#        C:\Users\Rufus\Documents\Courses\EmbeddedSystems\Projects\Lab1\Debug\Obj\interrupt.o
#        C:\Users\Rufus\Documents\Courses\EmbeddedSystems\Projects\Lab1\Debug\Obj\lab1.o
#        C:\Users\Rufus\Documents\Courses\EmbeddedSystems\Projects\Lab1\Debug\Obj\main.o
#        C:\Users\Rufus\Documents\Courses\EmbeddedSystems\Projects\Lab1\Debug\Obj\misc.o
#        C:\Users\Rufus\Documents\Courses\EmbeddedSystems\Projects\Lab1\Debug\Obj\print.o
#        C:\Users\Rufus\Documents\Courses\EmbeddedSystems\Projects\Lab1\Debug\Obj\startup_stm32f401xx.o
#        C:\Users\Rufus\Documents\Courses\EmbeddedSystems\Projects\Lab1\Debug\Obj\stm32f4xx_gpio.o
#        C:\Users\Rufus\Documents\Courses\EmbeddedSystems\Projects\Lab1\Debug\Obj\stm32f4xx_rcc.o
#        C:\Users\Rufus\Documents\Courses\EmbeddedSystems\Projects\Lab1\Debug\Obj\stm32f4xx_usart.o
#        -o
#        C:\Users\Rufus\Documents\Courses\EmbeddedSystems\Projects\Lab1\Debug\Exe\Lab_Wk3.out
#        --redirect _Printf=_PrintfFull --redirect _Scanf=_ScanfFull --map
#        C:\Users\Rufus\Documents\Courses\EmbeddedSystems\Projects\Lab1\Debug\List\Lab_Wk3.map
#        --config "C:\Program Files (x86)\IAR Systems\Embedded Workbench
#        7.5\arm\config\linker\ST\stm32f401xE.icf" --semihosting --entry
#        __iar_program_start --vfe
#
###############################################################################

*******************************************************************************
*** RUNTIME MODEL ATTRIBUTES
***

CppFlavor       = *
__SystemLibrary = DLib


*******************************************************************************
*** PLACEMENT SUMMARY
***

"A0":  place at 0x08000000 { ro section .intvec };
"P1":  place in [from 0x08000000 to 0x0807ffff] { ro };
"P2":  place in [from 0x20000000 to 0x20017fff] { rw, block CSTACK, block HEAP };
initialize by copy { rw };

  Section            Kind        Address    Size  Object
  -------            ----        -------    ----  ------
"A0":                                      0x194
  .intvec            ro code  0x08000000   0x194  startup_stm32f401xx.o [1]
                            - 0x08000194   0x194

"P1":                                     0x24ac
  .text              ro code  0x08000194   0xdca  xprintffull.o [3]
  .text              ro code  0x08000f5e    0x1a  xsnprout.o [3]
  .text              ro code  0x08000f78    0x16  strchr.o [5]
  .text              ro code  0x08000f90    0x36  strlen.o [5]
  .text              ro code  0x08000fc8    0x58  memchr.o [5]
  .text              ro code  0x08001020    0xee  I64DivMod.o [5]
  .text              ro code  0x08001110    0x76  ABImemcpy_unaligned.o [5]
  .text              ro code  0x08001186    0x44  xdnorm.o [4]
  .text              ro code  0x080011cc    0x2e  DblCmpLe.o [4]
  .text              ro code  0x080011fc    0x2e  DblCmpGe.o [4]
  .text              ro code  0x0800122c   0x10c  xdscale.o [4]
  .text              ro code  0x08001338    0x58  DblToI32.o [4]
  .text              ro code  0x08001390    0x30  I32ToDbl.o [4]
  .text              ro code  0x080013c0   0x180  DblSub.o [4]
  .text              ro code  0x08001540   0x1a2  DblMul.o [4]
  .text              ro code  0x080016e4   0x256  DblDiv.o [4]
  .text              ro code  0x0800193a     0xe  div.o [3]
  .text              ro code  0x08001948     0x2  I64DivZer.o [5]
  .text              ro code  0x0800194c    0xd4  DblAdd.o [4]
  .text              ro code  0x08001a20   0x244  main.o [1]
  .text              ro code  0x08001c64   0x16c  hw_init.o [1]
  .text              ro code  0x08001dd0    0x8c  print.o [1]
  .text              ro code  0x08001e5c    0x44  snprintf.o [3]
  .text              ro code  0x08001ea0    0x12  lab1.o [1]
  .text              ro code  0x08001eb4    0xfe  stm32f4xx_gpio.o [1]
  .text              ro code  0x08001fb4   0x134  stm32f4xx_rcc.o [1]
  .text              ro code  0x080020e8   0x1b8  stm32f4xx_usart.o [1]
  .text              ro code  0x080022a0    0x68  interrupt.o [1]
  .rodata            const    0x08002308    0x44  main.o [1]
  .text              ro code  0x0800234c    0x40  zero_init3.o [5]
  Initializer bytes  const    0x0800238c    0x40  <for P2-1>
  .rodata            const    0x080023cc    0x30  main.o [1]
  .text              ro code  0x080023fc    0x2c  copy_init3.o [5]
  .text              ro code  0x08002428    0x28  data_init.o [5]
  .iar.init_table    const    0x08002450    0x24  - Linker created -
  .rodata            const    0x08002474    0x20  main.o [1]
  .rodata            const    0x08002494    0x20  main.o [1]
  .rodata            const    0x080024b4    0x20  main.o [1]
  .text              ro code  0x080024d4    0x1a  cmain.o [5]
  .text              ro code  0x080024ee     0x4  low_level_init.o [3]
  .text              ro code  0x080024f2     0x4  exit.o [3]
  .text              ro code  0x080024f8     0xa  cexit.o [5]
  .text              ro code  0x08002504    0x14  exit.o [6]
  .rodata            const    0x08002518    0x10  main.o [1]
  .text              ro code  0x08002528    0x10  startup_stm32f401xx.o [1]
  .rodata            const    0x08002538     0xc  main.o [1]
  .rodata            const    0x08002544     0xc  main.o [1]
  .text              ro code  0x08002550     0xc  cstartup_M.o [5]
  .rodata            const    0x0800255c     0x8  main.o [1]
  .text              ro code  0x08002564     0x4  startup_stm32f401xx.o [1]
  .text              ro code  0x08002568     0x4  startup_stm32f401xx.o [1]
  .text              ro code  0x0800256c     0x4  startup_stm32f401xx.o [1]
  .text              ro code  0x08002570     0x4  startup_stm32f401xx.o [1]
  .text              ro code  0x08002574     0x4  startup_stm32f401xx.o [1]
  .text              ro code  0x08002578     0x4  startup_stm32f401xx.o [1]
  .text              ro code  0x0800257c     0x4  startup_stm32f401xx.o [1]
  .text              ro code  0x08002580     0x4  startup_stm32f401xx.o [1]
  .text              ro code  0x08002584     0x4  startup_stm32f401xx.o [1]
  .text              ro code  0x08002588     0x4  startup_stm32f401xx.o [1]
  .text              ro code  0x0800258c     0x4  startup_stm32f401xx.o [1]
  .text              ro code  0x08002590     0x4  startup_stm32f401xx.o [1]
  .text              ro code  0x08002594     0x4  startup_stm32f401xx.o [1]
  .text              ro code  0x08002598     0x4  startup_stm32f401xx.o [1]
  .text              ro code  0x0800259c     0x4  startup_stm32f401xx.o [1]
  .text              ro code  0x080025a0     0x4  startup_stm32f401xx.o [1]
  .text              ro code  0x080025a4     0x4  startup_stm32f401xx.o [1]
  .text              ro code  0x080025a8     0x4  startup_stm32f401xx.o [1]
  .text              ro code  0x080025ac     0x4  startup_stm32f401xx.o [1]
  .text              ro code  0x080025b0     0x4  startup_stm32f401xx.o [1]
  .text              ro code  0x080025b4     0x4  startup_stm32f401xx.o [1]
  .text              ro code  0x080025b8     0x4  startup_stm32f401xx.o [1]
  .text              ro code  0x080025bc     0x4  startup_stm32f401xx.o [1]
  .text              ro code  0x080025c0     0x4  startup_stm32f401xx.o [1]
  .text              ro code  0x080025c4     0x4  startup_stm32f401xx.o [1]
  .text              ro code  0x080025c8     0x4  startup_stm32f401xx.o [1]
  .text              ro code  0x080025cc     0x4  startup_stm32f401xx.o [1]
  .text              ro code  0x080025d0     0x4  startup_stm32f401xx.o [1]
  .text              ro code  0x080025d4     0x4  startup_stm32f401xx.o [1]
  .text              ro code  0x080025d8     0x4  startup_stm32f401xx.o [1]
  .text              ro code  0x080025dc     0x4  startup_stm32f401xx.o [1]
  .text              ro code  0x080025e0     0x4  startup_stm32f401xx.o [1]
  .text              ro code  0x080025e4     0x4  startup_stm32f401xx.o [1]
  .text              ro code  0x080025e8     0x4  startup_stm32f401xx.o [1]
  .text              ro code  0x080025ec     0x4  startup_stm32f401xx.o [1]
  .text              ro code  0x080025f0     0x4  startup_stm32f401xx.o [1]
  .text              ro code  0x080025f4     0x4  startup_stm32f401xx.o [1]
  .text              ro code  0x080025f8     0x4  startup_stm32f401xx.o [1]
  .text              ro code  0x080025fc     0x4  startup_stm32f401xx.o [1]
  .text              ro code  0x08002600     0x4  startup_stm32f401xx.o [1]
  .text              ro code  0x08002604     0x4  startup_stm32f401xx.o [1]
  .text              ro code  0x08002608     0x4  startup_stm32f401xx.o [1]
  .text              ro code  0x0800260c     0x4  startup_stm32f401xx.o [1]
  .text              ro code  0x08002610     0x4  startup_stm32f401xx.o [1]
  .text              ro code  0x08002614     0x4  startup_stm32f401xx.o [1]
  .text              ro code  0x08002618     0x4  startup_stm32f401xx.o [1]
  .text              ro code  0x0800261c     0x4  startup_stm32f401xx.o [1]
  .text              ro code  0x08002620     0x4  startup_stm32f401xx.o [1]
  .text              ro code  0x08002624     0x4  startup_stm32f401xx.o [1]
  .text              ro code  0x08002628     0x4  startup_stm32f401xx.o [1]
  .text              ro code  0x0800262c     0x4  startup_stm32f401xx.o [1]
  .text              ro code  0x08002630     0x4  startup_stm32f401xx.o [1]
  .text              ro code  0x08002634     0x4  startup_stm32f401xx.o [1]
  .text              ro code  0x08002638     0x4  startup_stm32f401xx.o [1]
  .text              ro code  0x0800263c     0x4  startup_stm32f401xx.o [1]
  .rodata            const    0x08002640     0x0  zero_init3.o [5]
  .rodata            const    0x08002640     0x0  copy_init3.o [5]
                            - 0x08002640  0x24ac

"P2", part 1 of 3:                          0x40
  P2-1                        0x20000000    0x40  <Init block>
    .data            inited   0x20000000     0x8  main.o [1]
    .data            inited   0x20000008    0x28  main.o [1]
    .data            inited   0x20000030    0x10  stm32f4xx_rcc.o [1]
                            - 0x20000040    0x40

"P2", part 2 of 3:                        0x2000
  CSTACK                      0x20000040  0x2000  <Block>
    CSTACK           uninit   0x20000040  0x2000  <Block tail>
                            - 0x20002040  0x2000

"P2", part 3 of 3:                         0xac8
  .bss               zero     0x20002040   0x9c0  main.o [1]
  .bss               zero     0x20002a00   0x100  main.o [1]
  .bss               zero     0x20002b00     0x4  main.o [1]
  .bss               zero     0x20002b04     0x2  main.o [1]
                            - 0x20002b06   0xac6


*******************************************************************************
*** INIT TABLE
***

          Address     Size
          -------     ----
Zero (__iar_zero_init3)
    1 destination range, total size 0xac6:
          0x20002040  0xac6

Copy (__iar_copy_init3)
    1 source range, total size 0x40:
          0x0800238c   0x40
    1 destination range, total size 0x40:
          0x20000000   0x40



*******************************************************************************
*** MODULE SUMMARY
***

    Module                 ro code  ro data  rw data
    ------                 -------  -------  -------
C:\Users\Rufus\Documents\Courses\EmbeddedSystems\Projects\Lab1\Debug\Obj: [1]
    hw_init.o                  364
    interrupt.o                104
    lab1.o                      18
    main.o                     580      308    2 806
    print.o                    140
    startup_stm32f401xx.o      640
    stm32f4xx_gpio.o           254
    stm32f4xx_rcc.o            308       16       16
    stm32f4xx_usart.o          440
    ------------------------------------------------
    Total:                   2 848      324    2 822

command line: [2]
    ------------------------------------------------
    Total:

dl7M_tln.a: [3]
    div.o                       14
    exit.o                       4
    low_level_init.o             4
    snprintf.o                  68
    xprintffull.o            3 530
    xsnprout.o                  26
    ------------------------------------------------
    Total:                   3 646

m7M_tl.a: [4]
    DblAdd.o                   212
    DblCmpGe.o                  46
    DblCmpLe.o                  46
    DblDiv.o                   598
    DblMul.o                   418
    DblSub.o                   384
    DblToI32.o                  88
    I32ToDbl.o                  48
    xdnorm.o                    68
    xdscale.o                  268
    ------------------------------------------------
    Total:                   2 176

rt7M_tl.a: [5]
    ABImemcpy_unaligned.o      118
    I64DivMod.o                238
    I64DivZer.o                  2
    cexit.o                     10
    cmain.o                     26
    copy_init3.o                44
    cstartup_M.o                12
    data_init.o                 40
    memchr.o                    88
    strchr.o                    22
    strlen.o                    54
    zero_init3.o                64
    ------------------------------------------------
    Total:                     718

shb_l.a: [6]
    exit.o                      20
    ------------------------------------------------
    Total:                      20

    Gaps                        24
    Linker created                       36    8 192
----------------------------------------------------
    Grand Total:             9 432      360   11 014


*******************************************************************************
*** ENTRY LIST
***

Entry                      Address   Size  Type      Object
-----                      -------   ----  ----      ------
.iar.init_table$$Base   0x08002450          --   Gb  - Linker created -
.iar.init_table$$Limit  0x08002474          --   Gb  - Linker created -
?main                   0x080024d5         Code  Gb  cmain.o [5]
APBAHBPrescTable        0x20000030   0x10  Data  Lc  stm32f4xx_rcc.o [1]
BusFault_Handler        0x080022ab    0x2  Code  Gb  interrupt.o [1]
CSTACK$$Base            0x20000040          --   Gb  - Linker created -
CSTACK$$Limit           0x20002040          --   Gb  - Linker created -
DebugMon_Handler        0x080022b1    0x2  Code  Gb  interrupt.o [1]
ExtractU32              0x08001ac3   0x44  Code  Gb  main.o [1]
GPIO_Init               0x08001eb5   0xa4  Code  Gb  stm32f4xx_gpio.o [1]
GPIO_PinAFConfig        0x08001f63   0x50  Code  Gb  stm32f4xx_gpio.o [1]
GPIO_ToggleBits         0x08001f59    0xa  Code  Gb  stm32f4xx_gpio.o [1]
HardFault_Handler       0x080022a5    0x4  Code  Gb  interrupt.o [1]
Hw_init                 0x08001cb5   0x18  Code  Gb  hw_init.o [1]
InitXa                  0x08001ea1         Code  Gb  lab1.o [1]
Initialize              0x08001a21   0x3e  Code  Gb  main.o [1]
LoadInt                 0x08000735   0x6e  Code  Lc  xprintffull.o [3]
MemManage_Handler       0x080022a9    0x2  Code  Gb  interrupt.o [1]
NMI_Handler             0x080022a1    0x2  Code  Gb  interrupt.o [1]
NVIC_SetPriority        0x08001c65   0x22  Code  Lc  hw_init.o [1]
PendSV_Handler          0x080022b3    0x2  Code  Gb  interrupt.o [1]
PrintByte               0x08001e39   0x1c  Code  Gb  print.o [1]
PrintHex                0x08001dd1   0x32  Code  Gb  print.o [1]
PrintString             0x08001e03   0x36  Code  Gb  print.o [1]
RCC_AHB1PeriphClockCmd  0x0800208d   0x20  Code  Gb  stm32f4xx_rcc.o [1]
RCC_APB1PeriphClockCmd  0x080020ad   0x20  Code  Gb  stm32f4xx_rcc.o [1]
RCC_GetClocksFreq       0x08001fb5   0xd8  Code  Gb  stm32f4xx_rcc.o [1]
Region$$Table$$Base     0x08002450          --   Gb  - Linker created -
Region$$Table$$Limit    0x08002474          --   Gb  - Linker created -
SVC_Handler             0x080022af    0x2  Code  Gb  interrupt.o [1]
SysTick_Config          0x08001c87   0x2e  Code  Lc  hw_init.o [1]
SysTick_Handler         0x080022b5   0x14  Code  Gb  interrupt.o [1]
SystemInit              0x08001c61    0x4  Code  Gb  main.o [1]
Twist                   0x08001a5f   0x64  Code  Gb  main.o [1]
USART2_IRQHandler       0x080022c9   0x38  Code  Gb  interrupt.o [1]
USART_Cmd               0x080021ad   0x1c  Code  Gb  stm32f4xx_usart.o [1]
USART_GetFlagStatus     0x08002223   0x1a  Code  Gb  stm32f4xx_usart.o [1]
USART_GetITStatus       0x0800223d   0x64  Code  Gb  stm32f4xx_usart.o [1]
USART_ITConfig          0x080021d1   0x52  Code  Gb  stm32f4xx_usart.o [1]
USART_Init              0x080020e9   0xb6  Code  Gb  stm32f4xx_usart.o [1]
USART_SendData          0x080021c9    0x8  Code  Gb  stm32f4xx_usart.o [1]
UsageFault_Handler      0x080022ad    0x2  Code  Gb  interrupt.o [1]
_GenldFull              0x08000cad  0x26a  Code  Lc  xprintffull.o [3]
_LdtobFull              0x080008ad  0x3fa  Code  Lc  xprintffull.o [3]
_LitobFull              0x080007a3  0x10a  Code  Lc  xprintffull.o [3]
_PrintfFull             0x08000195  0x59a  Code  Gb  xprintffull.o [3]
_PutcharsFull           0x08000f17   0x2e  Code  Lc  xprintffull.o [3]
_SNProut                0x08000f5f   0x1a  Code  Gb  xsnprout.o [3]
__aeabi_cdcmple         0x080011cd         Code  Gb  DblCmpLe.o [4]
__aeabi_cdrcmple        0x080011fd         Code  Gb  DblCmpGe.o [4]
__aeabi_d2iz            0x08001339         Code  Gb  DblToI32.o [4]
__aeabi_d2uiz           0x08001365         Code  Gb  DblToI32.o [4]
__aeabi_ddiv            0x080016e5         Code  Gb  DblDiv.o [4]
__aeabi_dmul            0x08001541         Code  Gb  DblMul.o [4]
__aeabi_dsub            0x080013c1         Code  Gb  DblSub.o [4]
__aeabi_i2d             0x08001391         Code  Gb  I32ToDbl.o [4]
__aeabi_ldiv0           0x08001949         Code  Gb  I64DivZer.o [5]
__aeabi_ui2d            0x080013a5         Code  Gb  I32ToDbl.o [4]
__aeabi_uldivmod        0x08001021         Code  Gb  I64DivMod.o [5]
__cmain                 0x080024d5         Code  Gb  cmain.o [5]
__exit                  0x08002505   0x14  Code  Gb  exit.o [6]
__iar_Dnorm             0x08001187   0x44  Code  Gb  xdnorm.o [4]
__iar_Dscale            0x0800122d  0x10c  Code  Gb  xdscale.o [4]
__iar_Memchr            0x08000fc9         Code  Gb  memchr.o [5]
__iar_Strchr            0x08000f79         Code  Gb  strchr.o [5]
__iar_copy_init3        0x080023fd   0x2c  Code  Gb  copy_init3.o [5]
__iar_d2uiz             0x08001371         Code  Gb  DblToI32.o [4]
__iar_dadd              0x0800194d         Code  Gb  DblAdd.o [4]
__iar_data_init3        0x08002429   0x28  Code  Gb  data_init.o [5]
__iar_dsub              0x080013d5         Code  Gb  DblSub.o [4]
__iar_dsubStart         0x080013e7         Code  Gb  DblSub.o [4]
__iar_program_start     0x08002551         Code  Gb  cstartup_M.o [5]
__iar_ui2d              0x080013a9         Code  Gb  I32ToDbl.o [4]
__iar_unaligned___aeabi_memcpy
                        0x08001111         Code  Gb  ABImemcpy_unaligned.o [5]
__iar_unaligned___aeabi_memcpy4
                        0x08001131         Code  Gb  ABImemcpy_unaligned.o [5]
__iar_unaligned___aeabi_memcpy8
                        0x08001131         Code  Gb  ABImemcpy_unaligned.o [5]
__iar_zero_init3        0x0800234d   0x40  Code  Gb  zero_init3.o [5]
__low_level_init        0x080024ef    0x4  Code  Gb  low_level_init.o [3]
__vector_table          0x08000000         Data  Gb  startup_stm32f401xx.o [1]
_call_main              0x080024e1         Code  Gb  cmain.o [5]
_exit                   0x080024f9         Code  Gb  cexit.o [5]
_main                   0x080024eb         Code  Gb  cmain.o [5]
array                   0x20000008   0x28  Data  Gb  main.o [1]
clr_scrn                0x20000000    0x8  Data  Gb  main.o [1]
delay                   0x08001bf3    0xe  Code  Gb  main.o [1]
div                     0x0800193b    0xe  Code  Gb  div.o [3]
exit                    0x080024f3    0x4  Code  Gb  exit.o [3]
hw_gpio_init            0x08001cf3   0x70  Code  Gb  hw_init.o [1]
hw_system_clock         0x08001ccd   0x26  Code  Gb  hw_init.o [1]
hw_uart_init            0x08001d63   0x46  Code  Gb  hw_init.o [1]
index                   0x20002b04    0x2  Data  Gb  main.o [1]
main                    0x08001b09   0xea  Code  Gb  main.o [1]
memchr                  0x08000fc9         Code  Gb  memchr.o [5]
mt                      0x20002040  0x9c0  Data  Gb  main.o [1]
snprintf                0x08001e5d   0x44  Code  Gb  snprintf.o [3]
strchr                  0x08000f79         Code  Gb  strchr.o [5]
stringbuffer            0x20002a00  0x100  Data  Gb  main.o [1]
strlen                  0x08000f91         Code  Gb  strlen.o [5]
timer                   0x20002b00    0x4  Data  Gb  main.o [1]


[1] = C:\Users\Rufus\Documents\Courses\EmbeddedSystems\Projects\Lab1\Debug\Obj
[2] = command line
[3] = dl7M_tln.a
[4] = m7M_tl.a
[5] = rt7M_tl.a
[6] = shb_l.a

   9 432 bytes of readonly  code memory
     360 bytes of readonly  data memory
  11 014 bytes of readwrite data memory

Errors: none
Warnings: none
